195.222.1.250 - - [19/Aug/2004:09:25:18 -0400] "GET / HTTP/1.1" 200 2225 "-" "Mozilla/4.0 (compatible; grub-client-1.5.3; Crawl your own stuff with http://grub.org)"
212.27.41.40 - - [19/Aug/2004:10:56:13 -0400] "GET /robots.txt HTTP/1.0" 404 645 "-" "Pompos/1.3 http://dir.com/pompos.html"
65.214.36.42 - - [19/Aug/2004:11:32:12 -0400] "GET /robots.txt HTTP/1.0" 404 645 "-" "Mozilla/2.0 (compatible; Ask Jeeves/Teoma)"
65.214.36.42 - - [19/Aug/2004:11:32:14 -0400] "GET / HTTP/1.0" 200 2225 "-" "Mozilla/2.0 (compatible; Ask Jeeves/Teoma)"
65.214.36.42 - - [19/Aug/2004:11:32:23 -0400] "GET /robots.txt HTTP/1.0" 404 645 "-" "Mozilla/2.0 (compatible; Ask Jeeves/Teoma)"
65.214.36.42 - - [19/Aug/2004:11:32:29 -0400] "GET /about.html HTTP/1.0" 200 16432 "-" "Mozilla/2.0 (compatible; Ask Jeeves/Teoma)"
200.4.225.114 - - [19/Aug/2004:12:33:15 -0400] "GET /filmscout.html HTTP/1.1" 200 8196 "http://www.google.com/search?q=stan+brackage&hl=es&lr=&ie=UTF-8&start=10&sa=N" "Mozilla/4.0 (compatible; MSIE 6.0; Windows NT 5.0; FIPID-{06e.XqJLtX8s{0/Qi652YDGJ6280731201)"
200.4.225.114 - - [19/Aug/2004:12:33:15 -0400] "GET /images/binterv.gif HTTP/1.1" 200 6453 "http://www.blindeyemedia.com/filmscout.html" "Mozilla/4.0 (compatible; MSIE 6.0; Windows NT 5.0; FIPID-{06e.XqJLtX8s{0/Qi652YDGJ6280731201)"
200.4.225.114 - - [19/Aug/2004:12:33:16 -0400] "GET /images/top_nav.gif HTTP/1.1" 200 6561 "http://www.blindeyemedia.com/filmscout.html" "Mozilla/4.0 (compatible; MSIE 6.0; Windows NT 5.0; FIPID-{06e.XqJLtX8s{0/Qi652YDGJ6280731201)"
207.124.216.131 - - [19/Aug/2004:13:14:46 -0400] "GET /collaborator.html HTTP/1.0" 200 20968 "http://www.google.com/search?hl=en&ie=UTF-8&q=Fritz+Donnelly&spell=1" "Mozilla/4.0 (compatible; MSIE 6.0; Windows NT 5.1)"
207.124.216.131 - - [19/Aug/2004:13:14:46 -0400] "GET /images/bigeye-top_nav.gif HTTP/1.0" 200 5217 "http://www.blindeyemedia.com/collaborator.html" "Mozilla/4.0 (compatible; MSIE 6.0; Windows NT 5.1)"
207.124.216.131 - - [19/Aug/2004:13:14:46 -0400] "GET /images/lft_bones.gif HTTP/1.0" 200 640 "http://www.blindeyemedia.com/collaborator.html" "Mozilla/4.0 (compatible; MSIE 6.0; Windows NT 5.1)"
207.124.216.131 - - [19/Aug/2004:13:14:46 -0400] "GET /images/extr-naval-perf%2B.jpg HTTP/1.0" 200 26299 "http://www.blindeyemedia.com/collaborator.html" "Mozilla/4.0 (compatible; MSIE 6.0; Windows NT 5.1)"
207.124.216.131 - - [19/Aug/2004:13:15:06 -0400] "GET /chashama.html HTTP/1.0" 200 13470 "http://www.google.com/search?hl=en&ie=UTF-8&q=Fritz+Donnelly&spell=1" "Mozilla/4.0 (compatible; MSIE 6.0; Windows NT 5.1)"
207.124.216.131 - - [19/Aug/2004:13:15:20 -0400] "GET /images/eye-fld-drmtic HTTP/1.0" 200 5212 "http://www.blindeyemedia.com/chashama.html" "Mozilla/4.0 (compatible; MSIE 6.0; Windows NT 5.1)"
207.124.216.131 - - [19/Aug/2004:13:15:20 -0400] "GET /images/42nd.jpg HTTP/1.0" 200 10142 "http://www.blindeyemedia.com/chashama.html" "Mozilla/4.0 (compatible; MSIE 6.0; Windows NT 5.1)"
207.124.216.131 - - [19/Aug/2004:13:15:20 -0400] "GET /images/teaser-dncer.jpg HTTP/1.0" 200 7705 "http://www.blindeyemedia.com/chashama.html" "Mozilla/4.0 (compatible; MSIE 6.0; Windows NT 5.1)"
207.124.216.131 - - [19/Aug/2004:13:15:20 -0400] "GET /images/open-42ndStdancer+bones.jpg HTTP/1.0" 200 12194 "http://www.blindeyemedia.com/chashama.html" "Mozilla/4.0 (compatible; MSIE 6.0; Windows NT 5.1)"
207.124.216.131 - - [19/Aug/2004:13:15:20 -0400] "GET /images/x-trn-dtl1.jpg HTTP/1.0" 200 17940 "http://www.blindeyemedia.com/chashama.html" "Mozilla/4.0 (compatible; MSIE 6.0; Windows NT 5.1)"
207.124.216.131 - - [19/Aug/2004:13:15:20 -0400] "GET /images/x-peer-angle.jpg HTTP/1.0" 200 24661 "http://www.blindeyemedia.com/chashama.html" "Mozilla/4.0 (compatible; MSIE 6.0; Windows NT 5.1)"
207.124.216.131 - - [19/Aug/2004:13:15:20 -0400] "GET /images/x-trn-whle.jpg HTTP/1.0" 200 14508 "http://www.blindeyemedia.com/chashama.html" "Mozilla/4.0 (compatible; MSIE 6.0; Windows NT 5.1)"
207.124.216.131 - - [19/Aug/2004:13:15:20 -0400] "GET /images/x-code-boxes.jpg HTTP/1.0" 200 11873 "http://www.blindeyemedia.com/chashama.html" "Mozilla/4.0 (compatible; MSIE 6.0; Windows NT 5.1)"
207.124.216.131 - - [19/Aug/2004:13:15:21 -0400] "GET /images/x-bxes-peer-bd.jpg HTTP/1.0" 200 9072 "http://www.blindeyemedia.com/chashama.html" "Mozilla/4.0 (compatible; MSIE 6.0; Windows NT 5.1)"
207.124.216.131 - - [19/Aug/2004:13:15:21 -0400] "GET /images/extra-child-perf1.jpg HTTP/1.0" 200 11308 "http://www.blindeyemedia.com/chashama.html" "Mozilla/4.0 (compatible; MSIE 6.0; Windows NT 5.1)"
207.124.216.131 - - [19/Aug/2004:13:15:21 -0400] "GET /images/extra-naval-perf1.jpg HTTP/1.0" 200 10700 "http://www.blindeyemedia.com/chashama.html" "Mozilla/4.0 (compatible; MSIE 6.0; Windows NT 5.1)"
207.124.216.131 - - [19/Aug/2004:13:15:21 -0400] "GET /images/extra-child-perf3.jpg HTTP/1.0" 200 6060 "http://www.blindeyemedia.com/chashama.html" "Mozilla/4.0 (compatible; MSIE 6.0; Windows NT 5.1)"
207.124.216.131 - - [19/Aug/2004:13:15:21 -0400] "GET /images/extra-fritz-perf1.jpg HTTP/1.0" 200 4827 "http://www.blindeyemedia.com/chashama.html" "Mozilla/4.0 (compatible; MSIE 6.0; Windows NT 5.1)"
207.124.216.131 - - [19/Aug/2004:13:15:21 -0400] "GET /images/extr-bb-perf1.jpg HTTP/1.0" 200 3777 "http://www.blindeyemedia.com/chashama.html" "Mozilla/4.0 (compatible; MSIE 6.0; Windows NT 5.1)"
207.124.216.131 - - [19/Aug/2004:13:15:21 -0400] "GET /images/extra-bb-perf2.jpg HTTP/1.0" 200 3121 "http://www.blindeyemedia.com/chashama.html" "Mozilla/4.0 (compatible; MSIE 6.0; Windows NT 5.1)"
212.27.41.40 - - [19/Aug/2004:13:20:24 -0400] "GET / HTTP/1.0" 200 2225 "-" "Pompos/1.3 http://dir.com/pompos.html"
66.196.90.103 - - [19/Aug/2004:13:24:21 -0400] "GET /robots.txt HTTP/1.0" 404 645 "-" "Mozilla/5.0 (compatible; Yahoo! Slurp; http://help.yahoo.com/help/us/ysearch/slurp)"
66.196.90.127 - - [19/Aug/2004:13:24:21 -0400] "GET /images/store17.html HTTP/1.0" 304 - "-" "Mozilla/5.0 (compatible; Yahoo! Slurp; http://help.yahoo.com/help/us/ysearch/slurp)"
202.108.249.182 - - [19/Aug/2004:13:38:18 -0400] "GET /demo.html HTTP/1.1" 200 6007 "-" "Baiduspider+(+http://www.baidu.com/search/spider.htm)"
4.46.159.116 - - [19/Aug/2004:13:59:56 -0400] "GET /previewnew.html HTTP/1.1" 200 7721 "http://images.search.yahoo.com/search/images/view?back=http%3A%2F%2Fimages.search.yahoo.com%2Fsearch%2Fimages%3Fp%3Dfbi%2Bwarning%26ei%3DUTF-8%26fr%3DFP-tab-img-t%26cop%3Dmss%26tab%3D3&h=144&w=213&imgcurl=www.blindeyemedia.com%2Fimages%2Ffbi1.jpg&imgurl=www.blindeyemedia.com%2Fimages%2Ffbi1.jpg&size=21.6kB&name=fbi1.jpg&rcurl=http%3A%2F%2Fwww.blindeyemedia.com%2Fpreviewnew.html&rurl=http%3A%2F%2Fwww.blindeyemedia.com%2Fpreviewnew.html&p=fbi+warning&type=jpeg&no=5&tt=118" "Mozilla/4.0 (compatible; MSIE 6.0; Windows NT 5.1; .NET CLR 1.1.4322)"
4.46.159.116 - - [19/Aug/2004:13:59:57 -0400] "GET /images/fbi1.jpg HTTP/1.1" 200 22120 "http://images.search.yahoo.com/search/images/view?frame=top&back=http%3A%2F%2Fimages.search.yahoo.com%2Fsearch%2Fimages%3Fp%3Dfbi%2Bwarning%26ei%3DUTF-8%26fr%3DFP-tab-img-t%26cop%3Dmss%26tab%3D3&h=144&w=213&imgcurl=www.blindeyemedia.com%2Fimages%2Ffbi1.jpg&imgurl=www.blindeyemedia.com%2Fimages%2Ffbi1.jpg&size=21.6kB&name=fbi1.jpg&rcurl=http%3A%2F%2Fwww.blindeyemedia.com%2Fpreviewnew.html&rurl=http%3A%2F%2Fwww.blindeyemedia.com%2Fpreviewnew.html&p=fbi+warning&type=jpeg&no=5&tt=118" "Mozilla/4.0 (compatible; MSIE 6.0; Windows NT 5.1; .NET CLR 1.1.4322)"
4.46.159.116 - - [19/Aug/2004:13:59:57 -0400] "GET /images/top_nav.gif HTTP/1.1" 200 6561 "http://www.blindeyemedia.com/previewnew.html" "Mozilla/4.0 (compatible; MSIE 6.0; Windows NT 5.1; .NET CLR 1.1.4322)"
4.46.159.116 - - [19/Aug/2004:13:59:57 -0400] "GET /images/lft_bones.gif HTTP/1.1" 200 640 "http://www.blindeyemedia.com/previewnew.html" "Mozilla/4.0 (compatible; MSIE 6.0; Windows NT 5.1; .NET CLR 1.1.4322)"
4.46.159.116 - - [19/Aug/2004:13:59:57 -0400] "GET /images/intro1.jpg HTTP/1.1" 200 9077 "http://www.blindeyemedia.com/previewnew.html" "Mozilla/4.0 (compatible; MSIE 6.0; Windows NT 5.1; .NET CLR 1.1.4322)"
4.46.159.116 - - [19/Aug/2004:13:59:57 -0400] "GET /images/intro2.jpg HTTP/1.1" 200 10348 "http://www.blindeyemedia.com/previewnew.html" "Mozilla/4.0 (compatible; MSIE 6.0; Windows NT 5.1; .NET CLR 1.1.4322)"
4.46.159.116 - - [19/Aug/2004:13:59:58 -0400] "GET /images/intro3.jpg HTTP/1.1" 200 6978 "http://www.blindeyemedia.com/previewnew.html" "Mozilla/4.0 (compatible; MSIE 6.0; Windows NT 5.1; .NET CLR 1.1.4322)"
4.46.159.116 - - [19/Aug/2004:13:59:58 -0400] "GET /images/intro4.jpg HTTP/1.1" 200 6290 "http://www.blindeyemedia.com/previewnew.html" "Mozilla/4.0 (compatible; MSIE 6.0; Windows NT 5.1; .NET CLR 1.1.4322)"
4.46.159.116 - - [19/Aug/2004:13:59:58 -0400] "GET /images/fbi2.jpg HTTP/1.1" 200 23418 "http://www.blindeyemedia.com/previewnew.html" "Mozilla/4.0 (compatible; MSIE 6.0; Windows NT 5.1; .NET CLR 1.1.4322)"
4.46.159.116 - - [19/Aug/2004:13:59:58 -0400] "GET /images/fbi3.jpg HTTP/1.1" 200 21483 "http://www.blindeyemedia.com/previewnew.html" "Mozilla/4.0 (compatible; MSIE 6.0; Windows NT 5.1; .NET CLR 1.1.4322)"
212.27.41.40 - - [19/Aug/2004:14:13:16 -0400] "GET / HTTP/1.0" 200 2225 "-" "Pompos/1.3 http://dir.com/pompos.html"
128.208.4.191 - - [19/Aug/2004:14:25:35 -0400] "GET /collaborator.html HTTP/1.1" 200 20968 "-" "Mozilla/4.0 (compatible;MSIE 6.0; Windows NT 5.0)"
212.27.41.40 - - [19/Aug/2004:14:59:54 -0400] "GET /about.html HTTP/1.0" 200 16432 "-" "Pompos/1.3 http://dir.com/pompos.html"
12.31.208.217 - - [19/Aug/2004:15:02:51 -0400] "GET /forsale.html HTTP/1.1" 200 7785 "-" "Mozilla/3.01 (compatible;)"
12.31.208.217 - - [19/Aug/2004:15:02:51 -0400] "GET /images/bigeye-top_nav.gif HTTP/1.1" 200 5217 "-" "Mozilla/3.01 (compatible;)"
12.31.208.217 - - [19/Aug/2004:15:02:51 -0400] "GET /images/lft_bones.gif HTTP/1.1" 200 640 "-" "Mozilla/3.01 (compatible;)"
12.31.208.217 - - [19/Aug/2004:15:02:51 -0400] "GET /images/sch-audintmd1.jpg HTTP/1.1" 200 19021 "-" "Mozilla/3.01 (compatible;)"
81.7.68.38 - - [19/Aug/2004:15:18:09 -0400] "GET / HTTP/1.1" 200 2225 "-" "Mozilla/4.5 [en] (Win98; I)"
212.27.41.40 - - [19/Aug/2004:15:22:11 -0400] "GET /default.html HTTP/1.0" 404 645 "-" "Pompos/1.3 http://dir.com/pompos.html"
64.242.88.50 - - [19/Aug/2004:15:35:44 -0400] "GET /robots.txt HTTP/1.1" 302 231 "-" "Mozilla/4.0 compatible ZyBorg/1.0 Dead Link Checker (wn.dlc@looksmart.net; http://www.WISEnutbot.com)"
64.242.88.50 - - [19/Aug/2004:15:42:16 -0400] "GET /exoptic.html HTTP/1.1" 200 8419 "-" "Mozilla/4.0 compatible ZyBorg/1.0 Dead Link Checker (wn.dlc@looksmart.net; http://www.WISEnutbot.com)"
212.27.41.40 - - [19/Aug/2004:16:09:45 -0400] "GET /about.html HTTP/1.0" 200 16432 "-" "Pompos/1.3 http://dir.com/pompos.html"
82.49.160.132 - - [19/Aug/2004:16:20:44 -0400] "GET / HTTP/1.1" 200 2225 "http://www.abconsul.it/opendir.php?/Arts/Video/Alternative_Video/" "Mozilla/4.0 (compatible; MSIE 6.0; Windows 98)"
82.49.160.132 - - [19/Aug/2004:16:20:44 -0400] "GET /images/historyframe.jpg HTTP/1.1" 200 11674 "http://www.blindeyemedia.com/" "Mozilla/4.0 (compatible; MSIE 6.0; Windows 98)"
82.49.160.132 - - [19/Aug/2004:16:20:55 -0400] "GET /about.html HTTP/1.1" 200 16432 "-" "Mozilla/4.0 (compatible; MSIE 6.0; Windows 98)"
82.49.160.132 - - [19/Aug/2004:16:20:56 -0400] "GET /images/lft_bones.gif HTTP/1.1" 200 640 "http://www.blindeyemedia.com/about.html" "Mozilla/4.0 (compatible; MSIE 6.0; Windows 98)"
82.49.160.132 - - [19/Aug/2004:16:20:56 -0400] "GET /images/bebop2.gif HTTP/1.1" 200 16240 "http://www.blindeyemedia.com/about.html" "Mozilla/4.0 (compatible; MSIE 6.0; Windows 98)"
82.49.160.132 - - [19/Aug/2004:16:20:56 -0400] "GET /images/top_nav.gif HTTP/1.1" 200 6561 "http://www.blindeyemedia.com/about.html" "Mozilla/4.0 (compatible; MSIE 6.0; Windows 98)"
82.49.160.132 - - [19/Aug/2004:16:20:56 -0400] "GET /images/laughingcple-widedisplay.jpg HTTP/1.1" 200 14265 "http://www.blindeyemedia.com/about.html" "Mozilla/4.0 (compatible; MSIE 6.0; Windows 98)"
82.49.160.132 - - [19/Aug/2004:16:26:50 -0400] "GET /videos.html HTTP/1.1" 200 10564 "http://www.blindeyemedia.com/about.html" "Mozilla/4.0 (compatible; MSIE 6.0; Windows 98)"
82.49.160.132 - - [19/Aug/2004:16:26:50 -0400] "GET /images/top_nav.gif HTTP/1.1" 304 - "http://www.blindeyemedia.com/videos.html" "Mozilla/4.0 (compatible; MSIE 6.0; Windows 98)"
82.49.160.132 - - [19/Aug/2004:16:26:50 -0400] "GET /images/lft_bones.gif HTTP/1.1" 304 - "http://www.blindeyemedia.com/videos.html" "Mozilla/4.0 (compatible; MSIE 6.0; Windows 98)"
82.49.160.132 - - [19/Aug/2004:16:26:50 -0400] "GET /images/exoptic-icon.jpg HTTP/1.1" 200 1056 "http://www.blindeyemedia.com/videos.html" "Mozilla/4.0 (compatible; MSIE 6.0; Windows 98)"
82.49.160.132 - - [19/Aug/2004:16:26:51 -0400] "GET /images/videofront_thumb2.gif HTTP/1.1" 200 5660 "http://www.blindeyemedia.com/videos.html" "Mozilla/4.0 (compatible; MSIE 6.0; Windows 98)"
82.49.160.132 - - [19/Aug/2004:16:26:51 -0400] "GET /images/blindheat_thumb.gif HTTP/1.1" 200 5272 "http://www.blindeyemedia.com/videos.html" "Mozilla/4.0 (compatible; MSIE 6.0; Windows 98)"
82.49.160.132 - - [19/Aug/2004:16:26:51 -0400] "GET /images/cubistdancer-thumb.gif HTTP/1.1" 200 2726 "http://www.blindeyemedia.com/videos.html" "Mozilla/4.0 (compatible; MSIE 6.0; Windows 98)"
82.49.160.132 - - [19/Aug/2004:16:26:51 -0400] "GET /images/cubistdancer.gif HTTP/1.1" 200 9057 "http://www.blindeyemedia.com/videos.html" "Mozilla/4.0 (compatible; MSIE 6.0; Windows 98)"
80.133.102.162 - - [19/Aug/2004:17:16:17 -0400] "GET /cgi3/ HTTP/1.1" 404 657 "-" "Mozilla/4.0 (compatible; MSIE 6.0; Windows NT 5.1)"
216.135.75.250 - - [19/Aug/2004:17:24:42 -0400] "GET /images/store11.html HTTP/1.1" 200 3286 "-" "Mozilla/4.0 (compatible; grub-client-2.3)"
212.27.41.40 - - [19/Aug/2004:17:26:18 -0400] "GET /previewnew.html HTTP/1.0" 200 7721 "-" "Pompos/1.3 http://dir.com/pompos.html"
212.27.41.40 - - [19/Aug/2004:17:31:07 -0400] "GET /manifesto.html HTTP/1.0" 200 20961 "-" "Pompos/1.3 http://dir.com/pompos.html"
200.179.197.94 - - [19/Aug/2004:17:31:32 -0400] "GET /chashama.html HTTP/1.1" 200 13470 "http://web.ask.com/web?q=man+penetrated+by+a+woman&qsrc=2&o=0" "Mozilla/4.0 (compatible; MSIE 6.0; Windows NT 5.1)"
200.179.197.94 - - [19/Aug/2004:17:31:33 -0400] "GET /images/bigeye-top_nav.gif HTTP/1.1" 200 5217 "http://www.blindeyemedia.com/chashama.html" "Mozilla/4.0 (compatible; MSIE 6.0; Windows NT 5.1)"
200.179.197.94 - - [19/Aug/2004:17:31:33 -0400] "GET /images/lft_bones.gif HTTP/1.1" 200 640 "http://www.blindeyemedia.com/chashama.html" "Mozilla/4.0 (compatible; MSIE 6.0; Windows NT 5.1)"
200.179.197.94 - - [19/Aug/2004:17:31:33 -0400] "GET /images/42nd.jpg HTTP/1.1" 200 10142 "http://www.blindeyemedia.com/chashama.html" "Mozilla/4.0 (compatible; MSIE 6.0; Windows NT 5.1)"
200.179.197.94 - - [19/Aug/2004:17:31:33 -0400] "GET /images/teaser-dncer.jpg HTTP/1.1" 200 7705 "http://www.blindeyemedia.com/chashama.html" "Mozilla/4.0 (compatible; MSIE 6.0; Windows NT 5.1)"
200.179.197.94 - - [19/Aug/2004:17:31:34 -0400] "GET /images/open-42ndStdancer+bones.jpg HTTP/1.1" 200 12194 "http://www.blindeyemedia.com/chashama.html" "Mozilla/4.0 (compatible; MSIE 6.0; Windows NT 5.1)"
200.179.197.94 - - [19/Aug/2004:17:31:34 -0400] "GET /images/eye-fld-drmtic HTTP/1.1" 200 5212 "http://www.blindeyemedia.com/chashama.html" "Mozilla/4.0 (compatible; MSIE 6.0; Windows NT 5.1)"
200.179.197.94 - - [19/Aug/2004:17:31:34 -0400] "GET /images/x-trn-dtl1.jpg HTTP/1.1" 200 17940 "http://www.blindeyemedia.com/chashama.html" "Mozilla/4.0 (compatible; MSIE 6.0; Windows NT 5.1)"
200.179.197.94 - - [19/Aug/2004:17:31:35 -0400] "GET /images/x-peer-angle.jpg HTTP/1.1" 200 24661 "http://www.blindeyemedia.com/chashama.html" "Mozilla/4.0 (compatible; MSIE 6.0; Windows NT 5.1)"
200.179.197.94 - - [19/Aug/2004:17:31:35 -0400] "GET /images/extr-bb-perf1.jpg HTTP/1.1" 200 3777 "http://www.blindeyemedia.com/chashama.html" "Mozilla/4.0 (compatible; MSIE 6.0; Windows NT 5.1)"
200.179.197.94 - - [19/Aug/2004:17:31:35 -0400] "GET /images/extra-child-perf1.jpg HTTP/1.1" 200 11308 "http://www.blindeyemedia.com/chashama.html" "Mozilla/4.0 (compatible; MSIE 6.0; Windows NT 5.1)"
200.179.197.94 - - [19/Aug/2004:17:31:35 -0400] "GET /images/extra-fritz-perf1.jpg HTTP/1.1" 200 4827 "http://www.blindeyemedia.com/chashama.html" "Mozilla/4.0 (compatible; MSIE 6.0; Windows NT 5.1)"
200.179.197.94 - - [19/Aug/2004:17:31:36 -0400] "GET /images/extra-bb-perf2.jpg HTTP/1.1" 200 3121 "http://www.blindeyemedia.com/chashama.html" "Mozilla/4.0 (compatible; MSIE 6.0; Windows NT 5.1)"
200.179.197.94 - - [19/Aug/2004:17:31:38 -0400] "GET /images/x-trn-whle.jpg HTTP/1.1" 200 14508 "http://www.blindeyemedia.com/chashama.html" "Mozilla/4.0 (compatible; MSIE 6.0; Windows NT 5.1)"
200.179.197.94 - - [19/Aug/2004:17:31:38 -0400] "GET /images/x-code-boxes.jpg HTTP/1.1" 200 11873 "http://www.blindeyemedia.com/chashama.html" "Mozilla/4.0 (compatible; MSIE 6.0; Windows NT 5.1)"
200.179.197.94 - - [19/Aug/2004:17:31:38 -0400] "GET /images/x-bxes-peer-bd.jpg HTTP/1.1" 200 9072 "http://www.blindeyemedia.com/chashama.html" "Mozilla/4.0 (compatible; MSIE 6.0; Windows NT 5.1)"
200.179.197.94 - - [19/Aug/2004:17:31:38 -0400] "GET /images/extra-naval-perf1.jpg HTTP/1.1" 200 10700 "http://www.blindeyemedia.com/chashama.html" "Mozilla/4.0 (compatible; MSIE 6.0; Windows NT 5.1)"
200.179.197.94 - - [19/Aug/2004:17:31:38 -0400] "GET /images/extra-child-perf3.jpg HTTP/1.1" 200 6060 "http://www.blindeyemedia.com/chashama.html" "Mozilla/4.0 (compatible; MSIE 6.0; Windows NT 5.1)"
64.242.88.50 - - [19/Aug/2004:17:33:52 -0400] "GET /videos.html HTTP/1.1" 200 10564 "-" "Mozilla/4.0 compatible ZyBorg/1.0 Dead Link Checker (wn.dlc@looksmart.net; http://www.WISEnutbot.com)"
212.27.41.40 - - [19/Aug/2004:17:34:03 -0400] "GET /storefronts.html HTTP/1.0" 200 13697 "-" "Pompos/1.3 http://dir.com/pompos.html"
212.27.41.40 - - [19/Aug/2004:17:35:48 -0400] "GET /demo.html HTTP/1.0" 200 6007 "-" "Pompos/1.3 http://dir.com/pompos.html"
212.27.41.40 - - [19/Aug/2004:17:37:29 -0400] "GET /videos.html HTTP/1.0" 200 10564 "-" "Pompos/1.3 http://dir.com/pompos.html"
212.27.41.40 - - [19/Aug/2004:17:39:03 -0400] "GET /contact.html HTTP/1.0" 200 6363 "-" "Pompos/1.3 http://dir.com/pompos.html"
212.27.41.40 - - [19/Aug/2004:17:40:34 -0400] "GET /science.html HTTP/1.0" 200 14642 "-" "Pompos/1.3 http://dir.com/pompos.html"
212.27.41.40 - - [19/Aug/2004:17:41:54 -0400] "GET /chashama.html HTTP/1.0" 200 13470 "-" "Pompos/1.3 http://dir.com/pompos.html"
212.27.41.40 - - [19/Aug/2004:17:43:15 -0400] "GET /filmscout.html HTTP/1.0" 200 8196 "-" "Pompos/1.3 http://dir.com/pompos.html"
64.62.133.148 - - [19/Aug/2004:17:52:25 -0400] "HEAD / HTTP/1.0" 200 0 "http://dir.nodeworks.com/Society/Activism/Video/" "Mozilla/5.0 (X11; U; Linux i686; en-US; rv:1.3.1) Gecko/20030425"
68.235.6.101 - - [19/Aug/2004:17:52:46 -0400] "GET /images/fbi1.jpg HTTP/1.1" 200 22120 "http://alltheweb.com/search?cat=img&q=fbi+warning" "Mozilla/4.0 (compatible; MSIE 6.0; Windows NT 5.1; .NET CLR 1.1.4322)"
68.235.6.101 - - [19/Aug/2004:17:52:50 -0400] "GET /previewnew.html HTTP/1.1" 200 7721 "http://alltheweb.com/search?cat=img&q=fbi+warning" "Mozilla/4.0 (compatible; MSIE 6.0; Windows NT 5.1; .NET CLR 1.1.4322)"
68.235.6.101 - - [19/Aug/2004:17:52:50 -0400] "GET /images/lft_bones.gif HTTP/1.1" 200 640 "http://www.blindeyemedia.com/previewnew.html" "Mozilla/4.0 (compatible; MSIE 6.0; Windows NT 5.1; .NET CLR 1.1.4322)"
68.235.6.101 - - [19/Aug/2004:17:52:50 -0400] "GET /images/top_nav.gif HTTP/1.1" 200 6561 "http://www.blindeyemedia.com/previewnew.html" "Mozilla/4.0 (compatible; MSIE 6.0; Windows NT 5.1; .NET CLR 1.1.4322)"
68.235.6.101 - - [19/Aug/2004:17:52:50 -0400] "GET /images/intro1.jpg HTTP/1.1" 200 9077 "http://www.blindeyemedia.com/previewnew.html" "Mozilla/4.0 (compatible; MSIE 6.0; Windows NT 5.1; .NET CLR 1.1.4322)"
68.235.6.101 - - [19/Aug/2004:17:52:50 -0400] "GET /images/intro2.jpg HTTP/1.1" 200 10348 "http://www.blindeyemedia.com/previewnew.html" "Mozilla/4.0 (compatible; MSIE 6.0; Windows NT 5.1; .NET CLR 1.1.4322)"
68.235.6.101 - - [19/Aug/2004:17:52:50 -0400] "GET /images/intro3.jpg HTTP/1.1" 200 6978 "http://www.blindeyemedia.com/previewnew.html" "Mozilla/4.0 (compatible; MSIE 6.0; Windows NT 5.1; .NET CLR 1.1.4322)"
68.235.6.101 - - [19/Aug/2004:17:52:50 -0400] "GET /images/intro4.jpg HTTP/1.1" 200 6290 "http://www.blindeyemedia.com/previewnew.html" "Mozilla/4.0 (compatible; MSIE 6.0; Windows NT 5.1; .NET CLR 1.1.4322)"
68.235.6.101 - - [19/Aug/2004:17:52:50 -0400] "GET /images/fbi2.jpg HTTP/1.1" 200 23418 "http://www.blindeyemedia.com/previewnew.html" "Mozilla/4.0 (compatible; MSIE 6.0; Windows NT 5.1; .NET CLR 1.1.4322)"
68.235.6.101 - - [19/Aug/2004:17:52:51 -0400] "GET /images/fbi3.jpg HTTP/1.1" 200 21483 "http://www.blindeyemedia.com/previewnew.html" "Mozilla/4.0 (compatible; MSIE 6.0; Windows NT 5.1; .NET CLR 1.1.4322)"
68.235.6.101 - - [19/Aug/2004:17:52:58 -0400] "GET /videos.html HTTP/1.1" 200 10564 "http://www.blindeyemedia.com/previewnew.html" "Mozilla/4.0 (compatible; MSIE 6.0; Windows NT 5.1; .NET CLR 1.1.4322)"
68.235.6.101 - - [19/Aug/2004:17:52:58 -0400] "GET /images/exoptic-icon.jpg HTTP/1.1" 200 1056 "http://www.blindeyemedia.com/videos.html" "Mozilla/4.0 (compatible; MSIE 6.0; Windows NT 5.1; .NET CLR 1.1.4322)"
68.235.6.101 - - [19/Aug/2004:17:52:59 -0400] "GET /images/videofront_thumb2.gif HTTP/1.1" 200 5660 "http://www.blindeyemedia.com/videos.html" "Mozilla/4.0 (compatible; MSIE 6.0; Windows NT 5.1; .NET CLR 1.1.4322)"
68.235.6.101 - - [19/Aug/2004:17:52:59 -0400] "GET /images/blindheat_thumb.gif HTTP/1.1" 200 5272 "http://www.blindeyemedia.com/videos.html" "Mozilla/4.0 (compatible; MSIE 6.0; Windows NT 5.1; .NET CLR 1.1.4322)"
68.235.6.101 - - [19/Aug/2004:17:52:59 -0400] "GET /images/cubistdancer-thumb.gif HTTP/1.1" 200 2726 "http://www.blindeyemedia.com/videos.html" "Mozilla/4.0 (compatible; MSIE 6.0; Windows NT 5.1; .NET CLR 1.1.4322)"
68.235.6.101 - - [19/Aug/2004:17:52:59 -0400] "GET /images/cubistdancer.gif HTTP/1.1" 200 9057 "http://www.blindeyemedia.com/videos.html" "Mozilla/4.0 (compatible; MSIE 6.0; Windows NT 5.1; .NET CLR 1.1.4322)"
66.196.90.113 - - [19/Aug/2004:18:18:43 -0400] "GET /robots.txt HTTP/1.0" 302 219 "-" "Mozilla/5.0 (compatible; Yahoo! Slurp; http://help.yahoo.com/help/us/ysearch/slurp)"
66.196.90.113 - - [19/Aug/2004:18:18:44 -0400] "GET /robots.txt HTTP/1.0" 404 645 "-" "Mozilla/5.0 (compatible; Yahoo! Slurp; http://help.yahoo.com/help/us/ysearch/slurp)"
66.196.90.85 - - [19/Aug/2004:18:18:54 -0400] "GET / HTTP/1.0" 302 209 "-" "Mozilla/5.0 (compatible; Yahoo! Slurp; http://help.yahoo.com/help/us/ysearch/slurp)"
66.196.90.95 - - [19/Aug/2004:18:19:26 -0400] "GET /robots.txt HTTP/1.0" 404 645 "-" "Mozilla/5.0 (compatible; Yahoo! Slurp; http://help.yahoo.com/help/us/ysearch/slurp)"
66.196.90.85 - - [19/Aug/2004:18:19:30 -0400] "GET / HTTP/1.0" 200 2225 "-" "Mozilla/5.0 (compatible; Yahoo! Slurp; http://help.yahoo.com/help/us/ysearch/slurp)"
66.196.90.85 - - [19/Aug/2004:18:20:07 -0400] "GET /about.html HTTP/1.0" 200 16432 "-" "Mozilla/5.0 (compatible; Yahoo! Slurp; http://help.yahoo.com/help/us/ysearch/slurp)"
66.196.90.128 - - [19/Aug/2004:19:08:39 -0400] "GET / HTTP/1.0" 200 2225 "-" "Mozilla/5.0 (compatible; Yahoo! Slurp; http://help.yahoo.com/help/us/ysearch/slurp)"
66.196.90.128 - - [19/Aug/2004:19:08:51 -0400] "GET /about.html HTTP/1.0" 200 16432 "-" "Mozilla/5.0 (compatible; Yahoo! Slurp; http://help.yahoo.com/help/us/ysearch/slurp)"
80.139.245.30 - - [19/Aug/2004:19:27:20 -0400] "GET / HTTP/1.1" 200 2225 "-" "Xenu Link Sleuth 1.2e"
212.27.41.40 - - [19/Aug/2004:20:28:05 -0400] "GET /storefronts.html HTTP/1.0" 200 13697 "-" "Pompos/1.3 http://dir.com/pompos.html"
212.27.41.40 - - [19/Aug/2004:21:06:46 -0400] "GET /manifesto.html HTTP/1.0" 200 20961 "-" "Pompos/1.3 http://dir.com/pompos.html"
212.27.41.40 - - [19/Aug/2004:21:12:09 -0400] "GET /previewnew.html HTTP/1.0" 200 7721 "-" "Pompos/1.3 http://dir.com/pompos.html"
64.242.88.50 - - [19/Aug/2004:21:42:44 -0400] "GET /robots.txt HTTP/1.1" 404 657 "-" "Mozilla/4.0 compatible ZyBorg/1.0 Dead Link Checker (wn.dlc@looksmart.net; http://www.WISEnutbot.com)"
64.242.88.50 - - [19/Aug/2004:21:50:28 -0400] "GET /forsale.html HTTP/1.1" 200 7785 "-" "Mozilla/4.0 compatible ZyBorg/1.0 Dead Link Checker (wn.dlc@looksmart.net; http://www.WISEnutbot.com)"
64.68.82.167 - - [19/Aug/2004:22:08:52 -0400] "GET /robots.txt HTTP/1.0" 404 645 "-" "Googlebot/2.1 (+http://www.google.com/bot.html)"
64.68.82.167 - - [19/Aug/2004:22:08:52 -0400] "GET / HTTP/1.0" 304 - "-" "Googlebot/2.1 (+http://www.google.com/bot.html)"
202.108.249.182 - - [19/Aug/2004:22:12:36 -0400] "GET /science.html HTTP/1.1" 200 14642 "-" "Baiduspider+(+http://www.baidu.com/search/spider.htm)"
24.113.67.73 - - [19/Aug/2004:22:17:16 -0400] "GET /images/fbi1.jpg HTTP/1.1" 200 22120 "-" "-"
24.113.67.73 - - [19/Aug/2004:22:17:16 -0400] "GET /previewnew.html HTTP/1.1" 200 7721 "-" "-"
24.113.67.73 - - [19/Aug/2004:22:17:17 -0400] "GET /images/top_nav.gif HTTP/1.1" 200 6561 "-" "-"
24.113.67.73 - - [19/Aug/2004:22:17:17 -0400] "GET /images/lft_bones.gif HTTP/1.1" 200 640 "-" "-"
24.113.67.73 - - [19/Aug/2004:22:17:17 -0400] "GET /images/intro1.jpg HTTP/1.1" 200 9077 "-" "-"
24.113.67.73 - - [19/Aug/2004:22:17:17 -0400] "GET /images/intro2.jpg HTTP/1.1" 200 10348 "-" "-"
24.113.67.73 - - [19/Aug/2004:22:17:17 -0400] "GET /images/intro3.jpg HTTP/1.1" 200 6978 "-" "-"
24.113.67.73 - - [19/Aug/2004:22:17:17 -0400] "GET /images/intro4.jpg HTTP/1.1" 200 6290 "-" "-"
24.113.67.73 - - [19/Aug/2004:22:17:17 -0400] "GET /images/fbi2.jpg HTTP/1.1" 200 23418 "-" "-"
24.113.67.73 - - [19/Aug/2004:22:17:17 -0400] "GET /images/fbi3.jpg HTTP/1.1" 200 21483 "-" "-"
63.88.212.164 - - [19/Aug/2004:22:26:36 -0400] "GET / HTTP/1.1" 200 2225 "-" "Mozilla/4.0 (compatible; MSIE 6.0; Windows NT 5.0; .NET CLR 1.0.3705; .NET CLR 1.1.4322)"
212.27.41.40 - - [19/Aug/2004:22:46:07 -0400] "GET /images/store6.html HTTP/1.0" 200 3280 "-" "Pompos/1.3 http://dir.com/pompos.html"
212.27.41.40 - - [19/Aug/2004:22:50:33 -0400] "GET /images/store17.html HTTP/1.0" 200 3304 "-" "Pompos/1.3 http://dir.com/pompos.html"
212.27.41.40 - - [19/Aug/2004:23:05:24 -0400] "GET /exoptic.html HTTP/1.0" 200 8419 "-" "Pompos/1.3 http://dir.com/pompos.html"
212.27.41.40 - - [19/Aug/2004:23:08:02 -0400] "GET /interventions.html HTTP/1.0" 200 6998 "-" "Pompos/1.3 http://dir.com/pompos.html"
212.27.41.40 - - [19/Aug/2004:23:10:52 -0400] "GET /images/store3.html HTTP/1.0" 200 3291 "-" "Pompos/1.3 http://dir.com/pompos.html"
212.27.41.40 - - [19/Aug/2004:23:14:30 -0400] "GET /images/store4.html HTTP/1.0" 200 3281 "-" "Pompos/1.3 http://dir.com/pompos.html"
212.27.41.40 - - [19/Aug/2004:23:17:20 -0400] "GET /images/store5.html HTTP/1.0" 200 3284 "-" "Pompos/1.3 http://dir.com/pompos.html"
212.27.41.40 - - [19/Aug/2004:23:19:05 -0400] "GET /images/store7.html HTTP/1.0" 200 3292 "-" "Pompos/1.3 http://dir.com/pompos.html"
212.27.41.40 - - [19/Aug/2004:23:20:28 -0400] "GET /images/store8.html HTTP/1.0" 200 3296 "-" "Pompos/1.3 http://dir.com/pompos.html"
212.27.41.40 - - [19/Aug/2004:23:22:51 -0400] "GET /images/store9.html HTTP/1.0" 200 3297 "-" "Pompos/1.3 http://dir.com/pompos.html"
212.27.41.40 - - [19/Aug/2004:23:24:12 -0400] "GET /images/store10.html HTTP/1.0" 200 3290 "-" "Pompos/1.3 http://dir.com/pompos.html"
212.27.41.40 - - [19/Aug/2004:23:26:15 -0400] "GET /images/store11.html HTTP/1.0" 200 3286 "-" "Pompos/1.3 http://dir.com/pompos.html"
212.27.41.40 - - [19/Aug/2004:23:28:41 -0400] "GET /images/store12.html HTTP/1.0" 200 3285 "-" "Pompos/1.3 http://dir.com/pompos.html"
212.27.41.40 - - [19/Aug/2004:23:31:11 -0400] "GET /images/store13.html HTTP/1.0" 200 3289 "-" "Pompos/1.3 http://dir.com/pompos.html"
212.27.41.40 - - [19/Aug/2004:23:32:35 -0400] "GET /images/store14.html HTTP/1.0" 200 3284 "-" "Pompos/1.3 http://dir.com/pompos.html"
212.27.41.40 - - [19/Aug/2004:23:33:33 -0400] "GET /images/store15.html HTTP/1.0" 200 3285 "-" "Pompos/1.3 http://dir.com/pompos.html"
212.27.41.40 - - [19/Aug/2004:23:34:40 -0400] "GET /images/store16.html HTTP/1.0" 200 3304 "-" "Pompos/1.3 http://dir.com/pompos.html"
64.242.88.50 - - [19/Aug/2004:23:36:08 -0400] "GET /reverse.html HTTP/1.1" 200 6944 "-" "Mozilla/4.0 compatible ZyBorg/1.0 Dead Link Checker (wn.dlc@looksmart.net; http://www.WISEnutbot.com)"
212.27.41.40 - - [19/Aug/2004:23:36:38 -0400] "GET /about HTTP/1.0" 200 16432 "-" "Pompos/1.3 http://dir.com/pompos.html"
69.139.155.141 - - [19/Aug/2004:23:46:30 -0400] "GET / HTTP/1.1" 200 2225 "http://directory.google.com/Top/Arts/Video/Alternative_Video/" "Mozilla/4.0 (compatible; MSIE 6.0; Windows NT 5.1; .NET CLR 1.1.4322)"
69.139.155.141 - - [19/Aug/2004:23:46:30 -0400] "GET /images/historyframe.jpg HTTP/1.1" 200 11674 "http://www.blindeyemedia.com/" "Mozilla/4.0 (compatible; MSIE 6.0; Windows NT 5.1; .NET CLR 1.1.4322)"
69.139.155.141 - - [19/Aug/2004:23:46:31 -0400] "GET /about.html HTTP/1.1" 200 16432 "http://www.blindeyemedia.com/" "Mozilla/4.0 (compatible; MSIE 6.0; Windows NT 5.1; .NET CLR 1.1.4322)"
69.139.155.141 - - [19/Aug/2004:23:46:31 -0400] "GET /images/top_nav.gif HTTP/1.1" 200 6561 "http://www.blindeyemedia.com/about.html" "Mozilla/4.0 (compatible; MSIE 6.0; Windows NT 5.1; .NET CLR 1.1.4322)"
69.139.155.141 - - [19/Aug/2004:23:46:31 -0400] "GET /images/lft_bones.gif HTTP/1.1" 200 640 "http://www.blindeyemedia.com/about.html" "Mozilla/4.0 (compatible; MSIE 6.0; Windows NT 5.1; .NET CLR 1.1.4322)"
69.139.155.141 - - [19/Aug/2004:23:46:31 -0400] "GET /images/bebop2.gif HTTP/1.1" 200 16240 "http://www.blindeyemedia.com/about.html" "Mozilla/4.0 (compatible; MSIE 6.0; Windows NT 5.1; .NET CLR 1.1.4322)"
69.139.155.141 - - [19/Aug/2004:23:46:31 -0400] "GET /images/laughingcple-widedisplay.jpg HTTP/1.1" 200 14265 "http://www.blindeyemedia.com/about.html" "Mozilla/4.0 (compatible; MSIE 6.0; Windows NT 5.1; .NET CLR 1.1.4322)"
69.139.155.141 - - [19/Aug/2004:23:46:34 -0400] "GET /chashama.html HTTP/1.1" 200 13470 "http://www.blindeyemedia.com/about.html" "Mozilla/4.0 (compatible; MSIE 6.0; Windows NT 5.1; .NET CLR 1.1.4322)"
69.139.155.141 - - [19/Aug/2004:23:46:37 -0400] "GET /images/bigeye-top_nav.gif HTTP/1.1" 200 5217 "http://www.blindeyemedia.com/chashama.html" "Mozilla/4.0 (compatible; MSIE 6.0; Windows NT 5.1; .NET CLR 1.1.4322)"
69.139.155.141 - - [19/Aug/2004:23:46:37 -0400] "GET /images/teaser-dncer.jpg HTTP/1.1" 200 7705 "http://www.blindeyemedia.com/chashama.html" "Mozilla/4.0 (compatible; MSIE 6.0; Windows NT 5.1; .NET CLR 1.1.4322)"
69.139.155.141 - - [19/Aug/2004:23:46:37 -0400] "GET /images/42nd.jpg HTTP/1.1" 200 10142 "http://www.blindeyemedia.com/chashama.html" "Mozilla/4.0 (compatible; MSIE 6.0; Windows NT 5.1; .NET CLR 1.1.4322)"
69.139.155.141 - - [19/Aug/2004:23:46:37 -0400] "GET /images/eye-fld-drmtic HTTP/1.1" 200 5212 "http://www.blindeyemedia.com/chashama.html" "Mozilla/4.0 (compatible; MSIE 6.0; Windows NT 5.1; .NET CLR 1.1.4322)"
69.139.155.141 - - [19/Aug/2004:23:46:37 -0400] "GET /images/open-42ndStdancer+bones.jpg HTTP/1.1" 200 12194 "http://www.blindeyemedia.com/chashama.html" "Mozilla/4.0 (compatible; MSIE 6.0; Windows NT 5.1; .NET CLR 1.1.4322)"
69.139.155.141 - - [19/Aug/2004:23:46:37 -0400] "GET /images/x-trn-dtl1.jpg HTTP/1.1" 200 17940 "http://www.blindeyemedia.com/chashama.html" "Mozilla/4.0 (compatible; MSIE 6.0; Windows NT 5.1; .NET CLR 1.1.4322)"
69.139.155.141 - - [19/Aug/2004:23:46:37 -0400] "GET /images/x-trn-whle.jpg HTTP/1.1" 200 14508 "http://www.blindeyemedia.com/chashama.html" "Mozilla/4.0 (compatible; MSIE 6.0; Windows NT 5.1; .NET CLR 1.1.4322)"
69.139.155.141 - - [19/Aug/2004:23:46:37 -0400] "GET /images/x-peer-angle.jpg HTTP/1.1" 200 24661 "http://www.blindeyemedia.com/chashama.html" "Mozilla/4.0 (compatible; MSIE 6.0; Windows NT 5.1; .NET CLR 1.1.4322)"
69.139.155.141 - - [19/Aug/2004:23:46:37 -0400] "GET /images/x-bxes-peer-bd.jpg HTTP/1.1" 200 9072 "http://www.blindeyemedia.com/chashama.html" "Mozilla/4.0 (compatible; MSIE 6.0; Windows NT 5.1; .NET CLR 1.1.4322)"
69.139.155.141 - - [19/Aug/2004:23:46:37 -0400] "GET /images/extra-naval-perf1.jpg HTTP/1.1" 200 10700 "http://www.blindeyemedia.com/chashama.html" "Mozilla/4.0 (compatible; MSIE 6.0; Windows NT 5.1; .NET CLR 1.1.4322)"
69.139.155.141 - - [19/Aug/2004:23:46:37 -0400] "GET /images/extra-child-perf3.jpg HTTP/1.1" 200 6060 "http://www.blindeyemedia.com/chashama.html" "Mozilla/4.0 (compatible; MSIE 6.0; Windows NT 5.1; .NET CLR 1.1.4322)"
69.139.155.141 - - [19/Aug/2004:23:46:37 -0400] "GET /images/x-code-boxes.jpg HTTP/1.1" 200 11873 "http://www.blindeyemedia.com/chashama.html" "Mozilla/4.0 (compatible; MSIE 6.0; Windows NT 5.1; .NET CLR 1.1.4322)"
69.139.155.141 - - [19/Aug/2004:23:46:37 -0400] "GET /images/extra-fritz-perf1.jpg HTTP/1.1" 200 4827 "http://www.blindeyemedia.com/chashama.html" "Mozilla/4.0 (compatible; MSIE 6.0; Windows NT 5.1; .NET CLR 1.1.4322)"
69.139.155.141 - - [19/Aug/2004:23:46:37 -0400] "GET /images/extra-bb-perf2.jpg HTTP/1.1" 200 3121 "http://www.blindeyemedia.com/chashama.html" "Mozilla/4.0 (compatible; MSIE 6.0; Windows NT 5.1; .NET CLR 1.1.4322)"
69.139.155.141 - - [19/Aug/2004:23:46:37 -0400] "GET /images/extr-bb-perf1.jpg HTTP/1.1" 200 3777 "http://www.blindeyemedia.com/chashama.html" "Mozilla/4.0 (compatible; MSIE 6.0; Windows NT 5.1; .NET CLR 1.1.4322)"
69.139.155.141 - - [19/Aug/2004:23:46:37 -0400] "GET /images/extra-child-perf1.jpg HTTP/1.1" 200 11308 "http://www.blindeyemedia.com/chashama.html" "Mozilla/4.0 (compatible; MSIE 6.0; Windows NT 5.1; .NET CLR 1.1.4322)"
212.27.41.40 - - [19/Aug/2004:23:53:46 -0400] "GET /robots.txt HTTP/1.0" 404 645 "-" "Pompos/1.3 http://dir.com/pompos.html"
65.54.188.55 - - [20/Aug/2004:01:04:32 -0400] "GET /robots.txt HTTP/1.0" 404 645 "-" "msnbot/0.11 (+http://search.msn.com/msnbot.htm)"
65.54.188.55 - - [20/Aug/2004:01:04:33 -0400] "GET /&username=jameno123 HTTP/1.0" 404 645 "-" "msnbot/0.11 (+http://search.msn.com/msnbot.htm)"
212.27.41.40 - - [20/Aug/2004:01:32:56 -0400] "GET /images/store1.html HTTP/1.0" 200 3286 "-" "Pompos/1.3 http://dir.com/pompos.html"
64.242.88.50 - - [20/Aug/2004:01:33:04 -0400] "GET /science.html HTTP/1.1" 200 14642 "-" "Mozilla/4.0 compatible ZyBorg/1.0 Dead Link Checker (wn.dlc@looksmart.net; http://www.WISEnutbot.com)"
212.27.41.40 - - [20/Aug/2004:01:35:42 -0400] "GET /images/store2.html HTTP/1.0" 200 3288 "-" "Pompos/1.3 http://dir.com/pompos.html"
212.27.41.40 - - [20/Aug/2004:01:41:35 -0400] "GET /images/store17.html HTTP/1.0" 200 3304 "-" "Pompos/1.3 http://dir.com/pompos.html"
66.94.233.88 - - [20/Aug/2004:01:47:02 -0400] "GET /robots.txt HTTP/1.0" 404 645 "-" "Yahoo-MMCrawler/3.x (mms dash mmcrawler dash support at yahoo dash inc dot com)"
64.68.83.12 - - [20/Aug/2004:02:06:47 -0400] "GET /robots.txt HTTP/1.1" 404 657 "-" "Mozilla/5.0 (compatible; Googlebot/2.1; +http://www.google.com/bot.html)"
64.68.83.12 - - [20/Aug/2004:02:06:48 -0400] "GET / HTTP/1.1" 200 2225 "-" "Mozilla/5.0 (compatible; Googlebot/2.1; +http://www.google.com/bot.html)"
64.242.88.50 - - [20/Aug/2004:03:48:09 -0400] "GET /mission.html HTTP/1.1" 200 7747 "-" "Mozilla/4.0 compatible ZyBorg/1.0 Dead Link Checker (wn.dlc@looksmart.net; http://www.WISEnutbot.com)"
212.27.41.40 - - [20/Aug/2004:04:11:48 -0400] "GET /reverse.html HTTP/1.0" 200 6944 "-" "Pompos/1.3 http://dir.com/pompos.html"
61.247.253.91 - - [20/Aug/2004:04:23:36 -0400] "GET / HTTP/1.1" 200 2225 "http://192.168.100.65:8080/Locator/Classification/A-H/nextlevel.jsp?level=2&kw=Video .Alternative Video" "Mozilla/4.0 (compatible; MSIE 5.01; Windows NT 5.0)"
61.247.253.91 - - [20/Aug/2004:04:23:36 -0400] "GET /images/historyframe.jpg HTTP/1.1" 200 11674 "http://www.blindeyemedia.com/" "Mozilla/4.0 (compatible; MSIE 5.01; Windows NT 5.0)"
209.237.238.173 - - [20/Aug/2004:04:29:21 -0400] "GET /robots.txt HTTP/1.0" 404 645 "-" "ia_archiver"
209.237.238.173 - - [20/Aug/2004:04:29:22 -0400] "GET /images/store7.html HTTP/1.0" 200 3292 "-" "ia_archiver"
212.27.41.40 - - [20/Aug/2004:04:30:28 -0400] "GET /../manifesto.html HTTP/1.0" 400 273 "-" "Pompos/1.3 http://dir.com/pompos.html"
209.237.238.173 - - [20/Aug/2004:04:31:23 -0400] "GET /reverse.html HTTP/1.0" 200 6944 "-" "ia_archiver"
209.237.238.173 - - [20/Aug/2004:04:31:30 -0400] "GET /images/store8.html HTTP/1.0" 200 3296 "-" "ia_archiver"
209.237.238.173 - - [20/Aug/2004:04:31:41 -0400] "GET /images/store9.html HTTP/1.0" 200 3297 "-" "ia_archiver"
195.92.253.140 - - [20/Aug/2004:04:41:26 -0400] "GET /images/store6.html HTTP/1.0" 200 3280 "-" "Mozilla/4.0 (compatible; grub-client-2.3)"
209.237.238.173 - - [20/Aug/2004:04:51:01 -0400] "GET /exoptic_back.html HTTP/1.0" 200 9435 "-" "ia_archiver"
207.46.98.37 - - [20/Aug/2004:05:26:28 -0400] "GET /robots.txt HTTP/1.0" 404 645 "-" "msnbot/0.11 (+http://search.msn.com/msnbot.htm)"
207.46.98.37 - - [20/Aug/2004:05:26:28 -0400] "GET / HTTP/1.0" 200 2225 "-" "msnbot/0.11 (+http://search.msn.com/msnbot.htm)"
212.27.41.40 - - [20/Aug/2004:05:57:07 -0400] "GET /forsale.html HTTP/1.0" 200 7785 "-" "Pompos/1.3 http://dir.com/pompos.html"
212.27.41.40 - - [20/Aug/2004:06:17:21 -0400] "GET /exoptic.html HTTP/1.0" 200 8419 "-" "Pompos/1.3 http://dir.com/pompos.html"
66.196.90.95 - - [20/Aug/2004:08:49:27 -0400] "GET /robots.txt HTTP/1.0" 404 645 "-" "Mozilla/5.0 (compatible; Yahoo! Slurp; http://help.yahoo.com/help/us/ysearch/slurp)"
66.196.90.140 - - [20/Aug/2004:08:49:27 -0400] "GET /manifesto.html HTTP/1.0" 304 - "-" "Mozilla/5.0 (compatible; Yahoo! Slurp; http://help.yahoo.com/help/us/ysearch/slurp)"
64.242.88.50 - - [20/Aug/2004:09:36:02 -0400] "GET /filmscout.html HTTP/1.1" 200 8196 "-" "Mozilla/4.0 compatible ZyBorg/1.0 Dead Link Checker (wn.dlc@looksmart.net; http://www.WISEnutbot.com)"
64.242.88.50 - - [20/Aug/2004:10:00:15 -0400] "GET / HTTP/1.1" 200 2225 "-" "Mozilla/4.0 compatible ZyBorg/1.0 Dead Link Checker (wn.dlc@looksmart.net; http://www.WISEnutbot.com)"
202.108.249.182 - - [20/Aug/2004:11:26:50 -0400] "GET /contact.html HTTP/1.1" 200 6363 "-" "Baiduspider+(+http://www.baidu.com/search/spider.htm)"
202.108.249.182 - - [20/Aug/2004:11:26:50 -0400] "GET /chashama.html HTTP/1.1" 200 13470 "-" "Baiduspider+(+http://www.baidu.com/search/spider.htm)"
212.27.41.40 - - [20/Aug/2004:11:30:32 -0400] "GET /mission.html HTTP/1.0" 200 7747 "-" "Pompos/1.3 http://dir.com/pompos.html"
212.27.41.40 - - [20/Aug/2004:11:32:15 -0400] "GET /origins.html HTTP/1.0" 200 8744 "-" "Pompos/1.3 http://dir.com/pompos.html"
212.27.41.40 - - [20/Aug/2004:11:35:05 -0400] "GET /reverse.html HTTP/1.0" 200 6944 "-" "Pompos/1.3 http://dir.com/pompos.html"
212.27.41.40 - - [20/Aug/2004:11:38:22 -0400] "GET /location.html HTTP/1.0" 200 6461 "-" "Pompos/1.3 http://dir.com/pompos.html"
212.27.41.40 - - [20/Aug/2004:11:45:16 -0400] "GET /collaborator.html HTTP/1.0" 200 20968 "-" "Pompos/1.3 http://dir.com/pompos.html"
212.27.41.40 - - [20/Aug/2004:11:46:39 -0400] "GET /exoptic_back.html HTTP/1.0" 200 9435 "-" "Pompos/1.3 http://dir.com/pompos.html"
65.206.24.130 - - [20/Aug/2004:12:39:11 -0400] "GET /collaborator.html HTTP/1.1" 200 20968 "-" "Mozilla/4.0 (compatible; MSIE 6.0; Windows NT 5.1; .NET CLR 1.1.4322)"
65.206.24.130 - - [20/Aug/2004:12:39:12 -0400] "GET /images/bigeye-top_nav.gif HTTP/1.1" 200 5217 "http://www.blindeyemedia.com/collaborator.html" "Mozilla/4.0 (compatible; MSIE 6.0; Windows NT 5.1; .NET CLR 1.1.4322)"
65.206.24.130 - - [20/Aug/2004:12:39:12 -0400] "GET /images/lft_bones.gif HTTP/1.1" 200 640 "http://www.blindeyemedia.com/collaborator.html" "Mozilla/4.0 (compatible; MSIE 6.0; Windows NT 5.1; .NET CLR 1.1.4322)"
65.206.24.130 - - [20/Aug/2004:12:39:12 -0400] "GET /images/extr-naval-perf%2B.jpg HTTP/1.1" 200 26299 "http://www.blindeyemedia.com/collaborator.html" "Mozilla/4.0 (compatible; MSIE 6.0; Windows NT 5.1; .NET CLR 1.1.4322)"
65.206.24.130 - - [20/Aug/2004:12:41:07 -0400] "GET /chashama.html HTTP/1.1" 200 13470 "http://www.google.com/search?hl=en&lr=&ie=UTF-8&q=Fritz+Donnelly" "Mozilla/4.0 (compatible; MSIE 6.0; Windows NT 5.1; .NET CLR 1.1.4322)"
65.206.24.130 - - [20/Aug/2004:12:41:08 -0400] "GET /images/42nd.jpg HTTP/1.1" 200 10142 "http://www.blindeyemedia.com/chashama.html" "Mozilla/4.0 (compatible; MSIE 6.0; Windows NT 5.1; .NET CLR 1.1.4322)"
65.206.24.130 - - [20/Aug/2004:12:41:08 -0400] "GET /images/teaser-dncer.jpg HTTP/1.1" 200 7705 "http://www.blindeyemedia.com/chashama.html" "Mozilla/4.0 (compatible; MSIE 6.0; Windows NT 5.1; .NET CLR 1.1.4322)"
65.206.24.130 - - [20/Aug/2004:12:41:08 -0400] "GET /images/x-trn-dtl1.jpg HTTP/1.1" 200 17940 "http://www.blindeyemedia.com/chashama.html" "Mozilla/4.0 (compatible; MSIE 6.0; Windows NT 5.1; .NET CLR 1.1.4322)"
65.206.24.130 - - [20/Aug/2004:12:41:08 -0400] "GET /images/open-42ndStdancer+bones.jpg HTTP/1.1" 200 12194 "http://www.blindeyemedia.com/chashama.html" "Mozilla/4.0 (compatible; MSIE 6.0; Windows NT 5.1; .NET CLR 1.1.4322)"
65.206.24.130 - - [20/Aug/2004:12:41:08 -0400] "GET /images/x-trn-whle.jpg HTTP/1.1" 200 14508 "http://www.blindeyemedia.com/chashama.html" "Mozilla/4.0 (compatible; MSIE 6.0; Windows NT 5.1; .NET CLR 1.1.4322)"
65.206.24.130 - - [20/Aug/2004:12:41:08 -0400] "GET /images/x-peer-angle.jpg HTTP/1.1" 200 24661 "http://www.blindeyemedia.com/chashama.html" "Mozilla/4.0 (compatible; MSIE 6.0; Windows NT 5.1; .NET CLR 1.1.4322)"
65.206.24.130 - - [20/Aug/2004:12:41:08 -0400] "GET /images/x-code-boxes.jpg HTTP/1.1" 200 11873 "http://www.blindeyemedia.com/chashama.html" "Mozilla/4.0 (compatible; MSIE 6.0; Windows NT 5.1; .NET CLR 1.1.4322)"
65.206.24.130 - - [20/Aug/2004:12:41:08 -0400] "GET /images/x-bxes-peer-bd.jpg HTTP/1.1" 200 9072 "http://www.blindeyemedia.com/chashama.html" "Mozilla/4.0 (compatible; MSIE 6.0; Windows NT 5.1; .NET CLR 1.1.4322)"
65.206.24.130 - - [20/Aug/2004:12:41:08 -0400] "GET /images/extra-naval-perf1.jpg HTTP/1.1" 200 10700 "http://www.blindeyemedia.com/chashama.html" "Mozilla/4.0 (compatible; MSIE 6.0; Windows NT 5.1; .NET CLR 1.1.4322)"
65.206.24.130 - - [20/Aug/2004:12:41:08 -0400] "GET /images/extra-child-perf3.jpg HTTP/1.1" 200 6060 "http://www.blindeyemedia.com/chashama.html" "Mozilla/4.0 (compatible; MSIE 6.0; Windows NT 5.1; .NET CLR 1.1.4322)"
65.206.24.130 - - [20/Aug/2004:12:41:08 -0400] "GET /images/extra-child-perf1.jpg HTTP/1.1" 200 11308 "http://www.blindeyemedia.com/chashama.html" "Mozilla/4.0 (compatible; MSIE 6.0; Windows NT 5.1; .NET CLR 1.1.4322)"
65.206.24.130 - - [20/Aug/2004:12:41:08 -0400] "GET /images/extra-fritz-perf1.jpg HTTP/1.1" 200 4827 "http://www.blindeyemedia.com/chashama.html" "Mozilla/4.0 (compatible; MSIE 6.0; Windows NT 5.1; .NET CLR 1.1.4322)"
65.206.24.130 - - [20/Aug/2004:12:41:08 -0400] "GET /images/eye-fld-drmtic HTTP/1.1" 200 5212 "http://www.blindeyemedia.com/chashama.html" "Mozilla/4.0 (compatible; MSIE 6.0; Windows NT 5.1; .NET CLR 1.1.4322)"
65.206.24.130 - - [20/Aug/2004:12:41:08 -0400] "GET /images/extra-bb-perf2.jpg HTTP/1.1" 200 3121 "http://www.blindeyemedia.com/chashama.html" "Mozilla/4.0 (compatible; MSIE 6.0; Windows NT 5.1; .NET CLR 1.1.4322)"
65.206.24.130 - - [20/Aug/2004:12:41:08 -0400] "GET /images/extr-bb-perf1.jpg HTTP/1.1" 200 3777 "http://www.blindeyemedia.com/chashama.html" "Mozilla/4.0 (compatible; MSIE 6.0; Windows NT 5.1; .NET CLR 1.1.4322)"
64.68.82.144 - - [20/Aug/2004:13:34:23 -0400] "GET /robots.txt HTTP/1.0" 404 645 "-" "Googlebot/2.1 (+http://www.google.com/bot.html)"
64.68.82.144 - - [20/Aug/2004:13:34:23 -0400] "GET /filmscout.html HTTP/1.0" 304 - "-" "Googlebot/2.1 (+http://www.google.com/bot.html)"
64.68.83.49 - - [20/Aug/2004:14:47:56 -0400] "GET /robots.txt HTTP/1.1" 404 657 "-" "Mozilla/5.0 (compatible; Googlebot/2.1; +http://www.google.com/bot.html)"
64.68.83.49 - - [20/Aug/2004:14:47:56 -0400] "GET / HTTP/1.1" 200 2225 "-" "Mozilla/5.0 (compatible; Googlebot/2.1; +http://www.google.com/bot.html)"
195.113.59.61 - - [20/Aug/2004:15:36:44 -0400] "GET /robots.txt HTTP/1.0" 302 219 "-" "Mozilla/4.0 (compatible; grub-client-2.3)"
195.113.59.61 - - [20/Aug/2004:15:36:45 -0400] "GET /robots.txt HTTP/1.0" 404 645 "-" "Mozilla/4.0 (compatible; grub-client-2.3)"
129.44.190.207 - - [20/Aug/2004:16:01:40 -0400] "GET / HTTP/1.0" 200 2225 "-" "-"
207.172.215.72 - - [20/Aug/2004:16:04:58 -0400] "HEAD / HTTP/1.1" 200 0 "-" "Xenu Link Sleuth 1.2f"
64.242.88.50 - - [20/Aug/2004:16:52:19 -0400] "GET /interventions.html HTTP/1.1" 200 6998 "-" "Mozilla/4.0 compatible ZyBorg/1.0 Dead Link Checker (wn.dlc@looksmart.net; http://www.WISEnutbot.com)"
128.208.3.93 - - [20/Aug/2004:17:24:46 -0400] "GET /robots.txt HTTP/1.0" 404 645 "-" "NutchCVS/0.05-dev (Nutch; http://www.nutch.org/docs/en/bot.html; nutch-agent@lists.sourceforge.net)"
128.208.3.93 - - [20/Aug/2004:17:24:47 -0400] "GET / HTTP/1.0" 200 2225 "-" "NutchCVS/0.05-dev (Nutch; http://www.nutch.org/docs/en/bot.html; nutch-agent@lists.sourceforge.net)"
212.27.41.40 - - [20/Aug/2004:17:40:48 -0400] "GET /%00 HTTP/1.0" 404 645 "-" "Pompos/1.3 http://dir.com/pompos.html"
157.22.64.212 - - [20/Aug/2004:18:06:39 -0400] "GET / HTTP/1.1" 200 2225 "http://www.dmoz.com/Arts/Video/Alternative_Video/" "Mozilla/5.0 (Macintosh; U; PPC Mac OS X; en-us) AppleWebKit/125.4 (KHTML, like Gecko) Safari/125.9"
157.22.64.212 - - [20/Aug/2004:18:06:39 -0400] "GET /images/historyframe.jpg HTTP/1.1" 200 11674 "http://www.blindeyemedia.com/" "Mozilla/5.0 (Macintosh; U; PPC Mac OS X; en-us) AppleWebKit/125.4 (KHTML, like Gecko) Safari/125.9"
157.22.64.212 - - [20/Aug/2004:18:06:40 -0400] "GET /favicon.ico HTTP/1.1" 404 657 "-" "Mozilla/5.0 (Macintosh; U; PPC Mac OS X; en-us) AppleWebKit/125.4 (KHTML, like Gecko) Safari/125.9"
157.22.64.212 - - [20/Aug/2004:18:06:51 -0400] "GET /about.html HTTP/1.1" 200 16432 "http://www.blindeyemedia.com/" "Mozilla/5.0 (Macintosh; U; PPC Mac OS X; en-us) AppleWebKit/125.4 (KHTML, like Gecko) Safari/125.9"
157.22.64.212 - - [20/Aug/2004:18:06:52 -0400] "GET /images/top_nav.gif HTTP/1.1" 200 6561 "http://www.blindeyemedia.com/about.html" "Mozilla/5.0 (Macintosh; U; PPC Mac OS X; en-us) AppleWebKit/125.4 (KHTML, like Gecko) Safari/125.9"
157.22.64.212 - - [20/Aug/2004:18:06:52 -0400] "GET /images/bebop2.gif HTTP/1.1" 200 16240 "http://www.blindeyemedia.com/about.html" "Mozilla/5.0 (Macintosh; U; PPC Mac OS X; en-us) AppleWebKit/125.4 (KHTML, like Gecko) Safari/125.9"
157.22.64.212 - - [20/Aug/2004:18:06:53 -0400] "GET /images/lft_bones.gif HTTP/1.1" 200 640 "http://www.blindeyemedia.com/about.html" "Mozilla/5.0 (Macintosh; U; PPC Mac OS X; en-us) AppleWebKit/125.4 (KHTML, like Gecko) Safari/125.9"
157.22.64.212 - - [20/Aug/2004:18:06:53 -0400] "GET /images/laughingcple-widedisplay.jpg HTTP/1.1" 200 14265 "http://www.blindeyemedia.com/about.html" "Mozilla/5.0 (Macintosh; U; PPC Mac OS X; en-us) AppleWebKit/125.4 (KHTML, like Gecko) Safari/125.9"
207.46.238.141 - - [20/Aug/2004:20:11:02 -0400] "GET / HTTP/1.0" 200 2225 "-" "MSNPTC/1.0"
4.227.62.23 - - [20/Aug/2004:20:19:14 -0400] "POST /cgi-bin/formmail.pl HTTP/1.1" 404 657 "-" "Mozilla/4.06 (Win95; I)"
4.227.62.23 - - [20/Aug/2004:20:19:14 -0400] "POST /cgi-bin/formmail.cgi HTTP/1.1" 404 657 "-" "Mozilla/4.06 (Win95; I)"
4.227.62.23 - - [20/Aug/2004:20:19:14 -0400] "POST /cgi-bin/FormMail.cgi HTTP/1.1" 404 657 "-" "Mozilla/4.06 (Win95; I)"
4.227.62.23 - - [20/Aug/2004:20:19:14 -0400] "POST /cgi-bin/FormMail.pl HTTP/1.1" 404 657 "-" "Mozilla/4.06 (Win95; I)"
128.194.135.80 - - [20/Aug/2004:20:43:05 -0400] "GET / HTTP/1.1" 200 2225 "-" "TAMU_CS_IRL_CRAWLER/1.0"
64.242.88.50 - - [20/Aug/2004:20:43:14 -0400] "GET /location.html HTTP/1.1" 200 6461 "-" "Mozilla/4.0 compatible ZyBorg/1.0 Dead Link Checker (wn.dlc@looksmart.net; http://www.WISEnutbot.com)"
200.170.125.175 - - [20/Aug/2004:20:47:59 -0400] "GET / HTTP/1.1" 200 2225 "http://search.netscape.com/ns/browse?source=NCSPResults&id=28064" "Mozilla/5.0 (Windows; U; Win 9x 4.90; en-US; rv:1.4) Gecko/20030624 Netscape/7.1 (ax)"
66.196.90.124 - - [20/Aug/2004:20:49:07 -0400] "GET /robots.txt HTTP/1.0" 404 645 "-" "Mozilla/5.0 (compatible; Yahoo! Slurp; http://help.yahoo.com/help/us/ysearch/slurp)"
66.196.90.98 - - [20/Aug/2004:20:49:08 -0400] "GET /images/store2.html HTTP/1.0" 304 - "-" "Mozilla/5.0 (compatible; Yahoo! Slurp; http://help.yahoo.com/help/us/ysearch/slurp)"
64.68.82.173 - - [20/Aug/2004:21:58:38 -0400] "GET /robots.txt HTTP/1.0" 404 645 "-" "Googlebot/2.1 (+http://www.google.com/bot.html)"
64.68.82.173 - - [20/Aug/2004:21:58:38 -0400] "GET / HTTP/1.0" 304 - "-" "Googlebot/2.1 (+http://www.google.com/bot.html)"
141.153.54.203 - - [20/Aug/2004:22:41:12 -0400] "GET /previewnew.html HTTP/1.1" 200 7721 "http://www.altavista.com/image/results?q=fbi+warning&mik=photo&mik=graphic&mip=all&mis=all&miwxh=all" "Mozilla/4.0 (compatible; MSIE 6.0; Windows NT 5.0; .NET CLR 1.1.4322)"
141.153.54.203 - - [20/Aug/2004:22:41:12 -0400] "GET /images/top_nav.gif HTTP/1.1" 200 6561 "http://www.blindeyemedia.com/previewnew.html" "Mozilla/4.0 (compatible; MSIE 6.0; Windows NT 5.0; .NET CLR 1.1.4322)"
141.153.54.203 - - [20/Aug/2004:22:41:12 -0400] "GET /images/lft_bones.gif HTTP/1.1" 200 640 "http://www.blindeyemedia.com/previewnew.html" "Mozilla/4.0 (compatible; MSIE 6.0; Windows NT 5.0; .NET CLR 1.1.4322)"
141.153.54.203 - - [20/Aug/2004:22:41:12 -0400] "GET /images/intro1.jpg HTTP/1.1" 200 9077 "http://www.blindeyemedia.com/previewnew.html" "Mozilla/4.0 (compatible; MSIE 6.0; Windows NT 5.0; .NET CLR 1.1.4322)"
141.153.54.203 - - [20/Aug/2004:22:41:12 -0400] "GET /images/intro2.jpg HTTP/1.1" 200 10348 "http://www.blindeyemedia.com/previewnew.html" "Mozilla/4.0 (compatible; MSIE 6.0; Windows NT 5.0; .NET CLR 1.1.4322)"
141.153.54.203 - - [20/Aug/2004:22:41:12 -0400] "GET /images/intro3.jpg HTTP/1.1" 200 6978 "http://www.blindeyemedia.com/previewnew.html" "Mozilla/4.0 (compatible; MSIE 6.0; Windows NT 5.0; .NET CLR 1.1.4322)"
